..                                                                       [100%]
2 passed in 0.86s
